// Jest Snapshot v1, https://goo.gl/fbAQLP

exports[`Sidebar component snapshot testing should not render the component when no space 1`] = `null`;

exports[`Sidebar component snapshot testing should render the component 1`] = `
<aside
  className="ant-layout-sider ant-layout-sider-dark ant-layout-sider-collapsed"
  style={
    Object {
      "flex": "0 0 80px",
      "maxWidth": "80px",
      "minWidth": "80px",
      "width": "80px",
    }
  }
>
  <div
    className="ant-layout-sider-children"
  >
    <div
      className="menu-header"
      style={
        Object {
          "backgroundColor": "#1890ff",
        }
      }
    >
      <img
        alt="logo"
        src="https://degacms.com/img/dega.svg"
        style={
          Object {
            "width": "40%",
          }
        }
      />
    </div>
    <ul
      className="ant-menu ant-menu-dark ant-menu-inline-collapsed slider-menu ant-menu-root ant-menu-vertical"
      onMouseEnter={[Function]}
      onTransitionEnd={[Function]}
      role="menu"
      style={Object {}}
    >
      <li
        className="ant-menu-submenu ant-menu-submenu-vertical"
        onMouseEnter={[Function]}
        onMouseLeave={[Function]}
        role="menuitem"
      >
        <div
          aria-expanded={false}
          aria-haspopup="true"
          className="ant-menu-submenu-title"
          onClick={[Function]}
          onMouseEnter={[Function]}
          onMouseLeave={[Function]}
          role="button"
          style={Object {}}
        >
          <span
            aria-label="dashboard"
            className="anticon anticon-dashboard"
            role="img"
          >
            <svg
              aria-hidden="true"
              className=""
              data-icon="dashboard"
              fill="currentColor"
              focusable="false"
              height="1em"
              viewBox="64 64 896 896"
              width="1em"
            >
              <path
                d="M924.8 385.6a446.7 446.7 0 00-96-142.4 446.7 446.7 0 00-142.4-96C631.1 123.8 572.5 112 512 112s-119.1 11.8-174.4 35.2a446.7 446.7 0 00-142.4 96 446.7 446.7 0 00-96 142.4C75.8 440.9 64 499.5 64 560c0 132.7 58.3 257.7 159.9 343.1l1.7 1.4c5.8 4.8 13.1 7.5 20.6 7.5h531.7c7.5 0 14.8-2.7 20.6-7.5l1.7-1.4C901.7 817.7 960 692.7 960 560c0-60.5-11.9-119.1-35.2-174.4zM761.4 836H262.6A371.12 371.12 0 01140 560c0-99.4 38.7-192.8 109-263 70.3-70.3 163.7-109 263-109 99.4 0 192.8 38.7 263 109 70.3 70.3 109 163.7 109 263 0 105.6-44.5 205.5-122.6 276zM623.5 421.5a8.03 8.03 0 00-11.3 0L527.7 506c-18.7-5-39.4-.2-54.1 14.5a55.95 55.95 0 000 79.2 55.95 55.95 0 0079.2 0 55.87 55.87 0 0014.5-54.1l84.5-84.5c3.1-3.1 3.1-8.2 0-11.3l-28.3-28.3zM490 320h44c4.4 0 8-3.6 8-8v-80c0-4.4-3.6-8-8-8h-44c-4.4 0-8 3.6-8 8v80c0 4.4 3.6 8 8 8zm260 218v44c0 4.4 3.6 8 8 8h80c4.4 0 8-3.6 8-8v-44c0-4.4-3.6-8-8-8h-80c-4.4 0-8 3.6-8 8zm12.7-197.2l-31.1-31.1a8.03 8.03 0 00-11.3 0l-56.6 56.6a8.03 8.03 0 000 11.3l31.1 31.1c3.1 3.1 8.2 3.1 11.3 0l56.6-56.6c3.1-3.1 3.1-8.2 0-11.3zm-458.6-31.1a8.03 8.03 0 00-11.3 0l-31.1 31.1a8.03 8.03 0 000 11.3l56.6 56.6c3.1 3.1 8.2 3.1 11.3 0l31.1-31.1c3.1-3.1 3.1-8.2 0-11.3l-56.6-56.6zM262 530h-80c-4.4 0-8 3.6-8 8v44c0 4.4 3.6 8 8 8h80c4.4 0 8-3.6 8-8v-44c0-4.4-3.6-8-8-8z"
              />
            </svg>
          </span>
          <span>
            DASHBOARD
          </span>
          <i
            className="ant-menu-submenu-arrow"
          />
        </div>
      </li>
      <li
        className="ant-menu-submenu ant-menu-submenu-vertical"
        onMouseEnter={[Function]}
        onMouseLeave={[Function]}
        role="menuitem"
      >
        <div
          aria-expanded={false}
          aria-haspopup="true"
          className="ant-menu-submenu-title"
          onClick={[Function]}
          onMouseEnter={[Function]}
          onMouseLeave={[Function]}
          role="button"
          style={Object {}}
        >
          <span
            aria-label="file-done"
            className="anticon anticon-file-done"
            role="img"
          >
            <svg
              aria-hidden="true"
              className=""
              data-icon="file-done"
              fill="currentColor"
              focusable="false"
              height="1em"
              viewBox="64 64 896 896"
              width="1em"
            >
              <path
                d="M688 312v-48c0-4.4-3.6-8-8-8H296c-4.4 0-8 3.6-8 8v48c0 4.4 3.6 8 8 8h384c4.4 0 8-3.6 8-8zm-392 88c-4.4 0-8 3.6-8 8v48c0 4.4 3.6 8 8 8h184c4.4 0 8-3.6 8-8v-48c0-4.4-3.6-8-8-8H296zm376 116c-119.3 0-216 96.7-216 216s96.7 216 216 216 216-96.7 216-216-96.7-216-216-216zm107.5 323.5C750.8 868.2 712.6 884 672 884s-78.8-15.8-107.5-44.5C535.8 810.8 520 772.6 520 732s15.8-78.8 44.5-107.5C593.2 595.8 631.4 580 672 580s78.8 15.8 107.5 44.5C808.2 653.2 824 691.4 824 732s-15.8 78.8-44.5 107.5zM761 656h-44.3c-2.6 0-5 1.2-6.5 3.3l-63.5 87.8-23.1-31.9a7.92 7.92 0 00-6.5-3.3H573c-6.5 0-10.3 7.4-6.5 12.7l73.8 102.1c3.2 4.4 9.7 4.4 12.9 0l114.2-158c3.9-5.3.1-12.7-6.4-12.7zM440 852H208V148h560v344c0 4.4 3.6 8 8 8h56c4.4 0 8-3.6 8-8V108c0-17.7-14.3-32-32-32H168c-17.7 0-32 14.3-32 32v784c0 17.7 14.3 32 32 32h272c4.4 0 8-3.6 8-8v-56c0-4.4-3.6-8-8-8z"
              />
            </svg>
          </span>
          <span>
            CORE
          </span>
          <i
            className="ant-menu-submenu-arrow"
          />
        </div>
      </li>
      <li
        className="ant-menu-submenu ant-menu-submenu-vertical"
        onMouseEnter={[Function]}
        onMouseLeave={[Function]}
        role="menuitem"
      >
        <div
          aria-expanded={false}
          aria-haspopup="true"
          className="ant-menu-submenu-title"
          onClick={[Function]}
          onMouseEnter={[Function]}
          onMouseLeave={[Function]}
          role="button"
          style={Object {}}
        >
          <span
            aria-label="check-circle"
            className="anticon anticon-check-circle"
            role="img"
          >
            <svg
              aria-hidden="true"
              className=""
              data-icon="check-circle"
              fill="currentColor"
              focusable="false"
              height="1em"
              viewBox="64 64 896 896"
              width="1em"
            >
              <path
                d="M699 353h-46.9c-10.2 0-19.9 4.9-25.9 13.3L469 584.3l-71.2-98.8c-6-8.3-15.6-13.3-25.9-13.3H325c-6.5 0-10.3 7.4-6.5 12.7l124.6 172.8a31.8 31.8 0 0051.7 0l210.6-292c3.9-5.3.1-12.7-6.4-12.7z"
              />
              <path
                d="M512 64C264.6 64 64 264.6 64 512s200.6 448 448 448 448-200.6 448-448S759.4 64 512 64zm0 820c-205.4 0-372-166.6-372-372s166.6-372 372-372 372 166.6 372 372-166.6 372-372 372z"
              />
            </svg>
          </span>
          <span>
            FACT CHECKING
          </span>
          <i
            className="ant-menu-submenu-arrow"
          />
        </div>
      </li>
      <li
        className="ant-menu-submenu ant-menu-submenu-vertical"
        onMouseEnter={[Function]}
        onMouseLeave={[Function]}
        role="menuitem"
      >
        <div
          aria-expanded={false}
          aria-haspopup="true"
          className="ant-menu-submenu-title"
          onClick={[Function]}
          onMouseEnter={[Function]}
          onMouseLeave={[Function]}
          role="button"
          style={Object {}}
        >
          <span
            aria-label="idcard"
            className="anticon anticon-idcard"
            role="img"
          >
            <svg
              aria-hidden="true"
              className=""
              data-icon="idcard"
              fill="currentColor"
              focusable="false"
              height="1em"
              viewBox="64 64 896 896"
              width="1em"
            >
              <path
                d="M928 160H96c-17.7 0-32 14.3-32 32v640c0 17.7 14.3 32 32 32h832c17.7 0 32-14.3 32-32V192c0-17.7-14.3-32-32-32zm-40 632H136V232h752v560zM610.3 476h123.4c1.3 0 2.3-3.6 2.3-8v-48c0-4.4-1-8-2.3-8H610.3c-1.3 0-2.3 3.6-2.3 8v48c0 4.4 1 8 2.3 8zm4.8 144h185.7c3.9 0 7.1-3.6 7.1-8v-48c0-4.4-3.2-8-7.1-8H615.1c-3.9 0-7.1 3.6-7.1 8v48c0 4.4 3.2 8 7.1 8zM224 673h43.9c4.2 0 7.6-3.3 7.9-7.5 3.8-50.5 46-90.5 97.2-90.5s93.4 40 97.2 90.5c.3 4.2 3.7 7.5 7.9 7.5H522a8 8 0 008-8.4c-2.8-53.3-32-99.7-74.6-126.1a111.8 111.8 0 0029.1-75.5c0-61.9-49.9-112-111.4-112s-111.4 50.1-111.4 112c0 29.1 11 55.5 29.1 75.5a158.09 158.09 0 00-74.6 126.1c-.4 4.6 3.2 8.4 7.8 8.4zm149-262c28.5 0 51.7 23.3 51.7 52s-23.2 52-51.7 52-51.7-23.3-51.7-52 23.2-52 51.7-52z"
              />
            </svg>
          </span>
          <span>
            ADMINSTRATION
          </span>
          <i
            className="ant-menu-submenu-arrow"
          />
        </div>
      </li>
    </ul>
  </div>
</aside>
`;
